python : Error: not a CMake build directory (missing CMakeCache.txt)
At line:1 char:1
+ python -m cmake --build . --config Release 2>&1 | Tee-Object -FilePat ...
+ ~~~~~~~~~~~~~~~~~~~~~~~~~~~~~~~~~~~~~~~~~~~~~~~
    + CategoryInfo          : NotSpecified: (Error: not a CM...CMakeCache.txt) 
   :String) [], RemoteException
    + FullyQualifiedErrorId : NativeCommandError
 
